
ERROR: JAVA_HOME is not set and no 'java' command could be found in your PATH.

